../Core/Src/main.c:102:6:HAL_GPIO_EXTI_Callback	24	static
../Core/Src/main.c:131:6:HAL_TIM_PeriodElapsedCallback	24	static
../Core/Src/main.c:152:14:ADC2Voltage	16	static
../Core/Src/main.c:157:14:ADC2Pressure	16	static
../Core/Src/main.c:162:6:Displayer	8	static
../Core/Src/main.c:190:6:DecodeNumber	16	static
../Core/Src/main.c:198:6:turnOffAllChannel	8	static
../Core/Src/main.c:206:6:selectChannel	16	static
../Core/Src/main.c:225:6:setOutput	16	static
../Core/Src/main.c:236:6:displayNumber	16	static
../Core/Src/main.c:279:6:DataLogger	152	static
../Core/Src/main.c:327:6:HAL_UART_TxCpltCallback	16	static
../Core/Src/main.c:341:5:main	8	static
../Core/Src/main.c:395:6:SystemClock_Config	88	static
../Core/Src/main.c:442:13:MX_ADC1_Init	24	static
../Core/Src/main.c:494:13:MX_TIM9_Init	24	static
../Core/Src/main.c:532:13:MX_TIM10_Init	8	static
../Core/Src/main.c:563:13:MX_TIM11_Init	8	static
../Core/Src/main.c:594:13:MX_USART2_UART_Init	8	static
../Core/Src/main.c:625:13:MX_DMA_Init	16	static
../Core/Src/main.c:647:13:MX_GPIO_Init	48	static
../Core/Src/main.c:713:6:Error_Handler	4	static,ignoring_inline_asm
